507808441
401798892
110460932
680359166
737048635
442374434
737773176
980506765
473506608
693729211
532774651
621434128
4273369
839437048
585784927
590354055
969740008
825216624
442091194
660636013
