2 3 4 5 6 7 8 9
3 7 14 25 41 63 92 129
4 14 45 130 336 785 1682 3351
5 25 130 650 2942 11819 42305 136564
6 41 336 2942 24520 183010 1202234 6979061
7 63 785 11819 183010 2625117 33345183 371484319
8 92 1682 42305 1202234 33345183 836488618 470742266
9 129 3351 136564 6979061 371484319 470742266 230288201
10 175 6280 402910 36211867 651371519 194085968 670171373
11 231 11176 1099694 170079565 17940222 26957098 939510047
