3 3
-1
2 3
3 4
2 3 4 4
3 3 7 8
4 4 7 7
3 4 8 7
8 8
-1
