8 12
............
...D...E....
...|...|....
.C-A---B---F
.|.....|...|
.|.....G.J-I
.H..........
............
