101
0101
11111
10111
10111111010101011101
11111010111010111010101010101011111111111011111111
1111111001111001111111010001111101011111111011011011111111111111111101111111111111010101011111111111
