7
11
12
13
14
15
15
15
15
15
15
15
15
15
15
15
15
15
15
15
