1 13
2 14
4 10
5 8
3 7
4 3
6 1
7 3
9 4
8 8
5 9
4 10
8 11
8 11
10 13
14 10
13 10
10 9
9 14
8 14
9 14
6 13
