4
0 1
1 1
1 2
0 0
RRL...PP
R..R..P.
DRR...P.
D.....PP
