536870912
1610612736
2684354560
3758096384
4831838208
4831838208
4831838208
4831838208
4831838208
5100273664
5100273664
5100273664
5100273664
5100273664
5100273664
5100273664
5100273664
5100273664
5100273664
5100273664
