10(RlFlF)LFF2(3(RF)L)R10FRFR5FLFFFR4FR3FL3FR2FL2FLFFFLFFFRFFR3FRFRFFRFL2FL2FRFR2FL5FFFFFFFFFFL2FL2FR4FRFFL9FL2FRFRFFL3FL3FLFFFFFLFFL4FLFLFRFLFR2FRFRFL2FL3FLFR2FRFRFR2FLFFLFRFFR3FFFLFFFRFRFRFL2FR2FL3FRFL4FLFFR6FRFRFFFRFL4FFFLFL2FRRFL2FRR4FFRFRFR2FRFR2FLFFFR4FLFRF4FR9FRFFFFFFRFFLFL3FRFFLFL4FLFRFRFLFLFRFRFL2FLFLFLFRFR3FRFLFLLFR2FR3FFFLFFRFLFFL2FRFLFL4FLFLLFRFRFLFRF2FL4FLFRFLFLFRR2FL3FRFFRFRFLFFFRFLFLFRFFLFFLFLFR4FRFFRFRFLFFLL2FR2FFRFFFFRFRFLFR2FRFRFRFL2FFR8FR2FRFFRF2FR3FRFLFR2FRFRFL2F2FFLFLFRF2FRFL5FRFLL4FRFLFFL2FRFRFL2FRFL4FL4FLFRFFLFL2FRR3FFRFFRFRFFR2FLFL2FRFRFRFL2FL7FR2FLFFLLFL3FRFLFLFFFFFL4FLFRFLFLFFR5FL2FLFRFR3FLFL7FL2FLF2FLFL4FLFR2FL3FR2FFRFFRFRFRR3FR2FLFR11FR3FLFRFRFL2FL3FRFL2FLFLFRFL2FRFLLFL3FLFLFRFFL2FLFRFLFRFLFLFRRFRFLFL4FRFLFR2FLFLFRF2FLFRFL4FR2FLFR2FRFLFRFRFL2F
