50 1 2 3 4 5 6 7 8 9 10 11 12 13 14 15 16 17 18 19 20 21 22 23 24 25 26 27 28 29 30 31 32 33 34 35 36 37 38 39 40 41 42 43 44 45 46 47 48 49 50
102 400 400 406 19 347 786 4 689 659 189 96 89 424 397 523 617 212 413 453 664 592 230 582 457 46 186 32 80 671 402 298 742 653 538 681 91 152 276 730 442 375 423 772 789 347 232 688 445 99 358 475 111 593 277 178 196 431 383 9 518 747 560 641 116 272 493 536 591 52 643 546 121 328 203 618 75 452 281 257 746 579 470 475 417 232 454 90 95 355 119 10 388 410 304 355 159 724 244 720 258 414 313 747 43 652 63 632 138 739 313 531 476 39 744 302 262 790 345 550 77 402 558 786 533 149 571 673 310 111 393 563 395 128 47 92 728 594 613 737 324 382 261 727 244 83 733 288 175 785 34 733 597 128 174 787 446 212 522 367 459 661 366 673 60 273 695 341 234 349 29 212 1 532 391 177 524 413 243 483 321 200 417 4 477 315 373 143 6 474 485 749 353 164 196 465 400 18 330 242 533 212 220 400 400
