12
1 0 0 2
2 0 1 1
3 1 0 4
4 0 2 1
5 3 1 2
6 2 0 4
7 4 0 2
10 3 2 1
15 2 0 8
18 5 0 2
19 0 3 1
20 4 1 2
