845671911796
175931433958
93394843502
120810273113
100110751654
139613444246
229918041261
303628461463
105708988974
413299235974
