297189103
747015740
88545731
123651717
920498165
977169022
775771117
810877103
152407094
602233731
