FFGAEEABCE.CBAEBH.C.
EHBFHCGHFGA.G.AE.AAC
.GBAED.ACHBDG.GDGG.C
DDFADEGGBDEFFACBB.FA
.EFBFGEEDGHBCGCEDEEB
HAAHBDAGBCCE.CCADAFH
GAFFE.G.CBEG.F.DDCEE
ACE.F.GDAAGH.DHECDBA
DAFB.HHFBABHEBBBD.CE
EGFFHDGEHFBAB.DECADA
DEAHCFGG..CG.BGDBBEC
.CBAGCAFCDEBGACEHF.D
GG.CGFA.GHGHG.GG.EHH
CECG.G.DGBCCAACFCDH.
FB.DH.F.CEHEH.CGGHFB
ADHCH.HCCBFGBADFBACE
CE.EHC.AAGADC.FAAEFB
ED.F..HGEACAHACFGAGG
AADAABC.CA.GF.CADCAF
CFAHEFGCA.CFGFGECBCH
